!BCC_EOS
!BCC_EOS
!BCC_EOS
!BCC_EOS
!BCC_EOS
!BCC_EOS
!BCC_EOS
!BCC_EOS
!BCC_EOS
!BCC_EOS
!BCC_EOS
export	_main
_main:
!BCC_EOS
push	bp
mov	bp,sp
add	sp,*-8
mov	ax,*1
mov	-8[bp],ax
!BCC_EOS
mov	ax,*2
mov	-8[bp],ax
!BCC_EOS
mov	ax,*3
mov	-8[bp],ax
!BCC_EOS
mov	ax,*4
mov	-8[bp],ax
!BCC_EOS
mov	ax,-8[bp]
cmp	ax,*1
je  	.1
.2:
mov	ax,*1
mov	sp,bp
pop	bp
ret
!BCC_EOS
.1:
mov	ax,-8[bp]
cmp	ax,*2
je  	.3
.5:
mov	ax,-8[bp]
cmp	ax,*2
je  	.3
.4:
mov	ax,*2
mov	sp,bp
pop	bp
ret
!BCC_EOS
.3:
mov	ax,-8[bp]
cmp	ax,*3
je  	.6
.7:
mov	ax,*3
mov	sp,bp
pop	bp
ret
!BCC_EOS
.6:
mov	ax,-8[bp]
cmp	ax,*4
je  	.8
.9:
mov	ax,*4
mov	sp,bp
pop	bp
ret
!BCC_EOS
.8:
xor	ax,ax
mov	sp,bp
pop	bp
ret
!BCC_EOS
.data
.bss

! 0 errors detected
