export	_main
_main:
fail! 0082.i:4.21: error: multiple types in declaration
!BCC_EOS
push	bp
mov	bp,sp
add	sp,*-4
xor	ax,ax
xor	bx,bx
mov	-4[bp],ax
mov	-2[bp],bx
!BCC_EOS
mov	ax,*1
xor	bx,bx
lea	di,-4[bp]
call	laddul
mov	-4[bp],ax
mov	-2[bp],bx
!BCC_EOS
mov	ax,*1
xor	bx,bx
push	bx
push	ax
mov	ax,-4[bp]
mov	bx,-2[bp]
lea	di,-8[bp]
call	lcmpul
lea	sp,-4[bp]
je  	.1
.2:
mov	ax,*1
mov	sp,bp
pop	bp
ret
!BCC_EOS
.1:
xor	ax,ax
mov	sp,bp
pop	bp
ret
!BCC_EOS
! Register BX used in function main
.data
.bss
.fail	1 errors detected

! 1 errors detected
