export	_fib
_fib:
!BCC_EOS
push	bp
mov	bp,sp
dec	sp
dec	sp
xor	ax,ax
mov	-2[bp],ax
dec	sp
dec	sp
mov	ax,*1
mov	-4[bp],ax
!BCC_EOS
dec	sp
dec	sp
jmp .2
.3:
mov	ax,-4[bp]
mov	-6[bp],ax
!BCC_EOS
mov	ax,-4[bp]
add	ax,-2[bp]
mov	-4[bp],ax
!BCC_EOS
mov	ax,-6[bp]
mov	-2[bp],ax
!BCC_EOS
.2:
mov	ax,4[bp]
dec	ax
mov	4[bp],ax
cmp	ax,*-1
jne	.3
.4:
.1:
mov	ax,-4[bp]
mov	sp,bp
pop	bp
ret
!BCC_EOS
export	_main
_main:
push	bp
mov	bp,sp
mov	ax,*$A
push	ax
call	_fib
mov	sp,bp
pop	bp
ret
!BCC_EOS
.data
.bss

! 0 errors detected
