export	_main
_main:
!BCC_EOS
push	bp
mov	bp,sp
dec	sp
dec	sp
mov	ax,*4
mov	-2[bp],ax
!BCC_EOS
mov	ax,-2[bp]
add	ax,*-4
mov	sp,bp
pop	bp
ret
!BCC_EOS
.data
.bss

! 0 errors detected
