export	_main
_main:
!BCC_EOS
push	bp
mov	bp,sp
dec	sp
dec	sp
mov	ax,*1
mov	-2[bp],ax
!BCC_EOS
mov	ax,*$A
mov	-2[bp],ax
!BCC_EOS
!BCC_EOS
jmp .3
.4:
!BCC_EOS
.2:
mov	ax,-2[bp]
dec	ax
mov	-2[bp],ax
.3:
mov	ax,-2[bp]
test	ax,ax
jne	.4
.5:
.1:
mov	ax,-2[bp]
test	ax,ax
je  	.6
.7:
mov	ax,*1
mov	sp,bp
pop	bp
ret
!BCC_EOS
.6:
mov	ax,*$A
mov	-2[bp],ax
!BCC_EOS
!BCC_EOS
!BCC_EOS
jmp .A
.B:
mov	ax,-2[bp]
dec	ax
mov	-2[bp],ax
!BCC_EOS
.9:
.A:
mov	ax,-2[bp]
test	ax,ax
jne	.B
.C:
.8:
mov	ax,-2[bp]
mov	sp,bp
pop	bp
ret
!BCC_EOS
.data
.bss

! 0 errors detected
