export	_main
_main:
!BCC_EOS
push	bp
mov	bp,sp
add	sp,*-4
mov	ax,*1
mov	-4[bp],ax
!BCC_EOS
mov	ax,*2
mov	-2[bp],ax
!BCC_EOS
mov	ax,-4[bp]
add	ax,-2[bp]
add	ax,*-3
mov	sp,bp
pop	bp
ret
!BCC_EOS
.data
.bss

! 0 errors detected
