export	_main
_main:
!BCC_EOS
!BCC_EOS
push	bp
mov	bp,sp
add	sp,*-6
lea	bx,-2[bp]
mov	-6[bp],bx
!BCC_EOS
mov	bx,-6[bp]
xor	ax,ax
mov	[bx],ax
!BCC_EOS
mov	ax,-2[bp]
mov	sp,bp
pop	bp
ret
!BCC_EOS
.data
.bss

! 0 errors detected
