export	_main
_main:
!BCC_EOS
!BCC_EOS
!BCC_EOS
push	bp
mov	bp,sp
add	sp,*-4
mov	ax,*3
mov	-4[bp],ax
!BCC_EOS
mov	ax,*5
mov	-2[bp],ax
!BCC_EOS
mov	ax,-2[bp]
sub	ax,-4[bp]
dec	ax
dec	ax
mov	sp,bp
pop	bp
ret
!BCC_EOS
.data
.bss

! 0 errors detected
