export	_main
_main:
!BCC_EOS
!BCC_EOS
!BCC_EOS
!BCC_EOS
push	bp
mov	bp,sp
add	sp,*-6
lea	bx,-4[bp]
mov	-6[bp],bx
!BCC_EOS
mov	ax,*1
mov	-4[bp],ax
!BCC_EOS
mov	bx,-6[bp]
mov	ax,*2
mov	2[bx],ax
!BCC_EOS
mov	bx,-6[bp]
mov	si,-6[bp]
mov	ax,2[si]
add	ax,[bx]
add	ax,*-3
mov	sp,bp
pop	bp
ret
!BCC_EOS
.data
.bss

! 0 errors detected
