export	_main
_main:
!BCC_EOS
push	bp
mov	bp,sp
dec	sp
dec	sp
mov	bx,#.1
mov	-2[bp],bx
!BCC_EOS
mov	bx,-2[bp]
mov	al,[bx]
xor	ah,ah
add	ax,*-$68
mov	sp,bp
pop	bp
ret
!BCC_EOS
.data
.1:
.2:
.ascii	"hello"
.byte	0
.bss

! 0 errors detected
