.data
export	_x
_x:
.word	0
!BCC_EOS
.text
export	_main
_main:
push	bp
mov	bp,sp
mov	ax,[_x]
jmp .3
.4:
!BCC_EOS
jmp .1
.3:
sub	ax,*0
je 	.4
.1:
..FFFF	=	-2
mov	ax,[_x]
jmp .7
.8:
mov	ax,[_x]
jmp .B
.C:
add	sp,#..FFFD-..FFFE
jmp .FFFD
!BCC_EOS
.D:
mov	ax,*1
mov	sp,bp
pop	bp
ret
!BCC_EOS
jmp .9
.B:
sub	ax,*0
je 	.C
jmp	.D
.9:
jmp .5
.7:
sub	ax,*0
je 	.8
.5:
..FFFE	=	-2
mov	ax,*1
pop	bp
ret
!BCC_EOS
.FFFD:
..FFFD	=	-2
mov	ax,[_x]
jmp .10
.11:
mov	ax,*1
mov	sp,bp
pop	bp
ret
!BCC_EOS
jmp .E
.10:
sub	ax,*1
je 	.11
.E:
..FFFC	=	-2
mov	ax,[_x]
jmp .14
mov	ax,*2
mov	[_x],ax
!BCC_EOS
.FFFA:
.15:
mov	ax,*1
mov	sp,bp
pop	bp
ret
!BCC_EOS
jmp .12
.14:
sub	ax,*1
je 	.15
.12:
..FFFB	=	-2
..FFFA	=	-2
mov	ax,[_x]
jmp .18
.19:
mov	ax,[_x]
mov	sp,bp
pop	bp
ret
!BCC_EOS
.1A:
mov	ax,*1
mov	sp,bp
pop	bp
ret
!BCC_EOS
.1B:
mov	ax,*1
mov	sp,bp
pop	bp
ret
!BCC_EOS
jmp .16
.18:
sub	ax,*0
je 	.19
sub	ax,*1
je 	.1A
jmp	.1B
.16:
..FFF9	=	-2
pop	bp
ret
.data
.bss

! 0 errors detected
