export	_main
_main:
!BCC_EOS
push	bp
mov	bp,sp
dec	sp
dec	sp
xor	ax,ax
mov	-2[bp],ax
!BCC_EOS
mov	ax,-2[bp]
inc	ax
mov	-2[bp],ax
!BCC_EOS
mov	ax,-2[bp]
cmp	ax,*1
je  	.1
.2:
mov	ax,*1
mov	sp,bp
pop	bp
ret
!BCC_EOS
.1:
xor	ax,ax
mov	sp,bp
pop	bp
ret
!BCC_EOS
.data
.bss

! 0 errors detected
